export const snapshot = {};

snapshot[`assertSnapshot() - options > dir > relative 1`] = `
[
  1,
  2,
  3,
]
`;

snapshot[`assertSnapshot() - options > dir > absolute 1`] = `
[
  1,
  2,
  3,
]
`;
